~/workspace$ git init
Reinitialized existing Git repository in /home/runner/workspace/.git/
~/workspace$ git add .
~/workspace$ git commit -m "pehla commit"
On branch main
Your branch is ahead of 'origin/main' by 3 commits.
  (use "git push" to publish your local commits)

nothing to commit, working tree clean
~/workspace$ git remote add origin https://github.com/Daniyal00982/noskip-daniyal.git
error: remote origin already exists.
~/workspace$ remove origin
bash: remove: command not found
~/workspace$ git remote remove origin
~/workspace$ git remote add origin https://github.com/Daniyal00982/noskip-daniyal.git
~/workspace$ git branch -M main
~/workspace$ git push -u origin main
remote: Invalid username or token. Password authentication is not supported for Git operations.
fatal: Authentication failed for 'https://github.com/Daniyal00982/noskip-daniyal.git/'
~/workspace$ ^C
~/workspace$ git push -u origin main
remote: Invalid username or token. Password authentication is not supported for Git operations.
fatal: Authentication failed for 'https://github.com/Daniyal00982/noskip-daniyal.git/'
~/workspace$ https://Daniyal00982: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@github.com/Daniyal00982/noskip-app.git
bash: https://Daniyal00982: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@github.com/Daniyal00982/noskip-app.git: No such file or directory
~/workspace$ https://Daniyal00982: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@github.com/Daniyal00982/noskip-daniyal.git
bash: https://Daniyal00982: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@github.com/Daniyal00982/noskip-daniyal.git: No such file or directory
~/workspace$ git remote set-url origin https://Daniyal00982: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@github.com/Daniyal00982/noskip-daniyal.git
~/workspace$ git push -u origin main
Enumerating objects: 328, done.
Counting objects: 100% (328/328), done.
Delta compression using up to 8 threads
Compressing objects: 100% (318/318), done.
Writing objects: 100% (328/328), 7.43 MiB | 4.64 MiB/s, done.
Total 328 (delta 149), reused 0 (delta 0), pack-reused 0 (from 0)
remote: Resolving deltas: 100% (149/149), done.
To https://github.com/Daniyal00982/noskip-daniyal.git
 * [new branch]      main -> main
branch 'main' set up to track 'origin/main'.
~/workspace$ git add vercel.json
git commit -m "Fix vercel.json configuration"
git push origin main
On branch main
Your branch is ahead of 'origin/main' by 3 commits.
  (use "git push" to publish your local commits)

nothing to commit, working tree clean
Enumerating objects: 16, done.
Counting objects: 100% (16/16), done.
Delta compression using up to 8 threads
Compressing objects: 100% (11/11), done.
Writing objects: 100% (11/11), 25.69 KiB | 25.69 MiB/s, done.
Total 11 (delta 4), reused 0 (delta 0), pack-reused 0 (from 0)
remote: Resolving deltas: 100% (4/4), completed with 2 local objects.
To https://github.com/Daniyal00982/noskip-daniyal.git
   5655432..9608b2b  main -> main
~/workspace$ git status
On branch main
Your branch is ahead of 'origin/main' by 1 commit.
  (use "git push" to publish your local commits)

nothing to commit, working tree clean
~/workspace$ git add .
~/workspace$ git commit -m "Vercel production deployment ready - all errors fixed"
On branch main
Your branch is ahead of 'origin/main' by 1 commit.
  (use "git push" to publish your local commits)

nothing to commit, working tree clean
~/workspace$ git push origin main
Enumerating objects: 7, done.
Counting objects: 100% (7/7), done.
Delta compression using up to 8 threads
Compressing objects: 100% (4/4), done.
Writing objects: 100% (4/4), 1.57 KiB | 1.57 MiB/s, done.
Total 4 (delta 2), reused 0 (delta 0), pack-reused 0 (from 0)
remote: Resolving deltas: 100% (2/2), completed with 2 local objects.
To https://github.com/Daniyal00982/noskip-daniyal.git
   9608b2b..ca0cb31  main -> main
~/workspace$ git add .
git commit -m "Vercel production ready - build tested"
git push origin main
On branch main
Your branch is ahead of 'origin/main' by 1 commit.
  (use "git push" to publish your local commits)

nothing to commit, working tree clean
Enumerating objects: 8, done.
Counting objects: 100% (8/8), done.
Delta compression using up to 8 threads
Compressing objects: 100% (5/5), done.
Writing objects: 100% (5/5), 2.28 KiB | 2.28 MiB/s, done.
Total 5 (delta 3), reused 0 (delta 0), pack-reused 0 (from 0)
remote: Resolving deltas: 100% (3/3), completed with 3 local objects.
To https://github.com/Daniyal00982/noskip-daniyal.git
   ca0cb31..34937f7  main -> main
~/workspace$ git add .
git commit -m "Vercel ready"
git push origin main
fatal: Unable to create '/home/runner/workspace/.git/index.lock': File exists.

Another git process seems to be running in this repository, e.g.
an editor opened by 'git commit'. Please make sure all processes
are terminated then try again. If it still fails, a git process
may have crashed in this repository earlier:
remove the file manually to continue.
fatal: Unable to create '/home/runner/workspace/.git/index.lock': File exists.

Another git process seems to be running in this repository, e.g.
an editor opened by 'git commit'. Please make sure all processes
are terminated then try again. If it still fails, a git process
may have crashed in this repository earlier:
remove the file manually to continue.
Enumerating objects: 7, done.
Counting objects: 100% (7/7), done.
Delta compression using up to 8 threads
Compressing objects: 100% (5/5), done.
Writing objects: 100% (5/5), 31.67 KiB | 31.67 MiB/s, done.
Total 5 (delta 2), reused 0 (delta 0), pack-reused 0 (from 0)
remote: Resolving deltas: 100% (2/2), completed with 2 local objects.
To https://github.com/Daniyal00982/noskip-daniyal.git
   34937f7..4051cab  main -> main